\BOOKMARK [0][-]{chapter.1}{\376\377\000G\000I\036\332\000I\000\040\000T\000H\000I\036\306\000U\000\040\001\020\036\300\000\040\000T\000\300\000I}{}% 1
\BOOKMARK [1][-]{section.1.1}{\376\377\001\020\036\267\000t\000\040\000v\036\245\000n\000\040\001\021\036\301}{chapter.1}% 2
\BOOKMARK [1][-]{section.1.2}{\376\377\000M\036\345\000c\000\040\000t\000i\000\352\000u\000\040\000v\000\340\000\040\000p\000h\036\241\000m\000\040\000v\000i\000\040\001\021\036\301\000\040\000t\000\340\000i}{chapter.1}% 3
\BOOKMARK [1][-]{section.1.3}{\376\377\001\020\036\313\000n\000h\000\040\000h\001\260\036\333\000n\000g\000\040\000g\000i\036\243\000i\000\040\000p\000h\000\341\000p}{chapter.1}% 4
\BOOKMARK [1][-]{section.1.4}{\376\377\000B\036\321\000\040\000c\036\345\000c\000\040\001\021\036\323\000\040\000\341\000n}{chapter.1}% 5
\BOOKMARK [0][-]{chapter.2}{\376\377\000K\000H\036\242\000O\000\040\000S\000\301\000T\000\040\000V\000\300\000\040\000P\000H\000\302\000N\000\040\000T\000\315\000C\000H\000\040\000Y\000\312\000U\000\040\000C\036\246\000U}{}% 6
\BOOKMARK [1][-]{section.2.1}{\376\377\000K\000h\036\243\000o\000\040\000s\000\341\000t\000\040\000h\000i\036\307\000n\000\040\000t\000r\036\241\000n\000g}{chapter.2}% 7
\BOOKMARK [1][-]{section.2.2}{\376\377\000T\036\325\000n\000g\000\040\000q\000u\000a\000n\000\040\000c\000h\036\351\000c\000\040\000n\001\003\000n\000g}{chapter.2}% 8
\BOOKMARK [2][-]{subsection.2.2.1}{\376\377\000B\000i\036\303\000u\000\040\001\021\036\323\000\040\000u\000s\000e\000\040\000c\000a\000s\000e\000\040\000t\036\325\000n\000g\000\040\000q\000u\000\341\000t}{section.2.2}% 9
\BOOKMARK [2][-]{subsection.2.2.2}{\376\377\000B\000i\036\303\000u\000\040\001\021\036\323\000\040\000u\000s\000e\000\040\000c\000a\000s\000e\000\040\000p\000h\000\342\000n\000\040\000r\000\343\000\040\000P\000h\000\342\000n\000\040\000h\036\307\000\040\000D\036\357\000\040\000l\000i\036\307\000u\000\040\000T\000h\036\361\000c\000\040\001\021\036\313\000a}{section.2.2}% 10
\BOOKMARK [2][-]{subsection.2.2.3}{\376\377\000B\000i\036\303\000u\000\040\001\021\036\323\000\040\000u\000s\000e\000\040\000c\000a\000s\000e\000\040\000p\000h\000\342\000n\000\040\000r\000\343\000\040\000P\000h\000\342\000n\000\040\000h\036\307\000\040\000A\000I\000\040\000P\000h\000\342\000n\000\040\000t\000\355\000c\000h}{section.2.2}% 11
\BOOKMARK [2][-]{subsection.2.2.4}{\376\377\000Q\000u\000y\000\040\000t\000r\000\354\000n\000h\000\040\000n\000g\000h\000i\036\307\000p\000\040\000v\036\345\000\040\000t\036\243\000i\000\040\000l\000\352\000n\000\040\000v\000\340\000\040\000p\000h\000\342\000n\000\040\000t\000\355\000c\000h\000\040\000d\036\357\000\040\000l\000i\036\307\000u}{section.2.2}% 12
\BOOKMARK [1][-]{section.2.3}{\376\377\001\020\036\267\000c\000\040\000t\036\243\000\040\000c\000h\036\351\000c\000\040\000n\001\003\000n\000g}{chapter.2}% 13
\BOOKMARK [2][-]{subsection.2.3.1}{\376\377\000U\000C\000-\0000\0001\000:\000\040\000T\036\243\000i\000\040\000l\000\352\000n\000\040\000v\000\340\000\040\001\021\036\323\000n\000g\000\040\000b\036\331\000\040\000d\036\357\000\040\000l\000i\036\307\000u\000\040\000c\036\243\000m\000\040\000b\000i\036\277\000n}{section.2.3}% 14
\BOOKMARK [2][-]{subsection.2.3.2}{\376\377\000U\000C\000-\0000\0002\000:\000\040\000K\000\355\000c\000h\000\040\000h\000o\036\241\000t\000\040\000p\000h\000\342\000n\000\040\000t\000\355\000c\000h\000\040\000n\000h\036\255\000n\000\040\000d\000i\036\307\000n\000\040\000v\036\255\000t\000\040\000t\000h\036\303\000\040\000b\036\261\000n\000g\000\040\000Y\000O\000L\000O\000v\0008}{section.2.3}% 15
\BOOKMARK [2][-]{subsection.2.3.3}{\376\377\000U\000C\000-\0000\0003\000:\000\040\000T\000r\000\355\000c\000h\000\040\000x\000u\036\245\000t\000\040\000v\000\340\000\040\000p\000h\000\342\000n\000\040\000t\000\355\000c\000h\000\040\000b\036\261\000n\000g\000\040\000c\000h\036\351\000n\000g}{section.2.3}% 16
\BOOKMARK [2][-]{subsection.2.3.4}{\376\377\000U\000C\000-\0000\0004\000:\000\040\000T\036\241\000o\000\040\000b\000\341\000o\000\040\000c\000\341\000o\000\040\000t\000\363\000m\000\040\000t\036\257\000t\000\040\000b\036\261\000n\000g\000\040\000n\000g\000\364\000n\000\040\000n\000g\036\357\000\040\000t\036\361\000\040\000n\000h\000i\000\352\000n}{section.2.3}% 17
\BOOKMARK [1][-]{section.2.4}{\376\377\000Y\000\352\000u\000\040\000c\036\247\000u\000\040\000p\000h\000i\000\040\000c\000h\036\351\000c\000\040\000n\001\003\000n\000g}{chapter.2}% 18
\BOOKMARK [1][-]{section.2.5}{\376\377\000S\001\241\000\040\001\021\036\323\000\040\000t\000r\036\241\000n\000g\000\040\000t\000h\000\341\000i}{chapter.2}% 19
\BOOKMARK [2][-]{subsection.2.5.1}{\376\377\000V\000\362\000n\000g\000\040\001\021\036\335\000i\000\040\000C\000h\000u\000y\036\277\000n\000\040\000k\000h\036\243\000o\000\040\000s\000\341\000t\000\040\000\050\000P\000r\000o\000j\000e\000c\000t\000\051}{section.2.5}% 20
\BOOKMARK [2][-]{subsection.2.5.2}{\376\377\000V\000\362\000n\000g\000\040\001\021\036\335\000i\000\040\000L\001\260\036\343\000t\000\040\000l\036\267\000n\000\040\000\050\000T\000r\000i\000p\000\051}{section.2.5}% 21
\BOOKMARK [2][-]{subsection.2.5.3}{\376\377\000V\000\362\000n\000g\000\040\001\021\036\335\000i\000\040\000p\000h\000\342\000n\000\040\000t\000\355\000c\000h\000\040\000M\000e\000d\000i\000a}{section.2.5}% 22
\BOOKMARK [0][-]{chapter.3}{\376\377\000N\036\300\000N\000\040\000T\036\242\000N\000G\000\040\000L\000\335\000\040\000T\000H\000U\000Y\036\276\000T\000\040\000V\000\300\000\040\000C\000\324\000N\000G\000\040\000N\000G\000H\036\306\000\040\000S\036\354\000\040\000D\036\344\000N\000G}{}% 23
\BOOKMARK [1][-]{section.3.1}{\376\377\000N\036\301\000n\000\040\000t\036\243\000n\000g\000\040\000G\000i\000a\000o\000\040\000d\000i\036\307\000n\000\040\000N\000g\001\260\036\335\000i\000\040\000d\000\371\000n\000g\000\040\000\050\000F\000r\000o\000n\000t\000e\000n\000d\000\051}{chapter.3}% 24
\BOOKMARK [2][-]{subsection.3.1.1}{\376\377\000R\000e\000a\000c\000t\000\040\0001\0008\000\040\000v\000\340\000\040\000V\000i\000t\000e}{section.3.1}% 25
\BOOKMARK [2][-]{subsection.3.1.2}{\376\377\000Q\000u\036\243\000n\000\040\000l\000\375\000\040\000t\000r\036\241\000n\000g\000\040\000t\000h\000\341\000i\000:\000\040\000Z\000u\000s\000t\000a\000n\000d\000\040\000v\000\340\000\040\000R\000e\000a\000c\000t\000\040\000Q\000u\000e\000r\000y}{section.3.1}% 26
\BOOKMARK [2][-]{subsection.3.1.3}{\376\377\000R\000e\000c\000h\000a\000r\000t\000s\000\040\000v\000\340\000\040\000L\000e\000a\000f\000l\000e\000t\000.\000j\000s}{section.3.1}% 27
\BOOKMARK [1][-]{section.3.2}{\376\377\000N\036\301\000n\000\040\000t\036\243\000n\000g\000\040\000M\000\341\000y\000\040\000c\000h\036\347\000\040\000v\000\340\000\040\000L\001\260\000u\000\040\000t\000r\036\357\000\040\000\050\000B\000a\000c\000k\000e\000n\000d\000\051}{chapter.3}% 28
\BOOKMARK [2][-]{subsection.3.2.1}{\376\377\000N\000o\000d\000e\000.\000j\000s\000\040\000v\000\340\000\040\000E\000x\000p\000r\000e\000s\000s\000.\000j\000s}{section.3.2}% 29
\BOOKMARK [2][-]{subsection.3.2.2}{\376\377\000M\000o\000n\000g\000o\000D\000B\000\040\000A\000t\000l\000a\000s\000\040\000v\000\340\000\040\000M\000o\000n\000g\000o\000o\000s\000e}{section.3.2}% 30
\BOOKMARK [2][-]{subsection.3.2.3}{\376\377\000A\000W\000S\000\040\000S\0003\000\040\000v\000\340\000\040\000c\001\241\000\040\000c\000h\036\277\000\040\000P\000r\000e\000s\000i\000g\000n\000e\000d\000\040\000U\000R\000L}{section.3.2}% 31
\BOOKMARK [2][-]{subsection.3.2.4}{\376\377\000X\000\341\000c\000\040\000t\000h\036\361\000c\000\040\000J\000W\000T\000,\000\040\000B\000l\000a\000c\000k\000l\000i\000s\000t\000\040\000R\000e\000d\000i\000s\000\040\000v\000\340\000\040\000G\000o\000o\000g\000l\000e\000\040\000O\000A\000u\000t\000h}{section.3.2}% 32
\BOOKMARK [1][-]{section.3.3}{\376\377\000X\036\355\000\040\000l\000\375\000\040\000b\036\245\000t\000\040\001\021\036\323\000n\000g\000\040\000b\036\331\000\040\000v\000\340\000\040\000G\000i\000a\000o\000\040\000t\000i\036\277\000p\000\040\000t\000h\036\335\000i\000\040\000g\000i\000a\000n\000\040\000t\000h\036\361\000c}{chapter.3}% 33
\BOOKMARK [2][-]{subsection.3.3.1}{\376\377\000B\000u\000l\000l\000\040\000Q\000u\000e\000u\000e\000\040\000v\000\340\000\040\000c\001\241\000\040\000c\000h\036\277\000\040\000x\036\355\000\040\000l\000\375\000\040\000b\036\245\000t\000\040\001\021\036\323\000n\000g\000\040\000b\036\331}{section.3.3}% 34
\BOOKMARK [2][-]{subsection.3.3.2}{\376\377\000S\000e\000r\000v\000e\000r\000-\000S\000e\000n\000t\000\040\000E\000v\000e\000n\000t\000s\000\040\000\050\000S\000S\000E\000\051\000\040\000v\000\340\000\040\000c\001\241\000\040\000c\000h\036\277\000\040\001\021\036\251\000y\000\040\000t\000h\000\364\000n\000g\000\040\000b\000\341\000o}{section.3.3}% 35
\BOOKMARK [1][-]{section.3.4}{\376\377\000H\036\307\000\040\000t\000h\036\321\000n\000g\000\040\000T\000r\000\355\000\040\000t\000u\036\307\000\040\000N\000h\000\342\000n\000\040\000t\036\241\000o}{chapter.3}% 36
\BOOKMARK [2][-]{subsection.3.4.1}{\376\377\000Y\000O\000L\000O\000v\0008\000\040\000v\000\340\000\040\000P\000y\000t\000h\000o\000n\000\040\000M\000i\000c\000r\000o\000s\000e\000r\000v\000i\000c\000e}{section.3.4}% 37
\BOOKMARK [2][-]{subsection.3.4.2}{\376\377\000G\000e\000m\000i\000n\000i\000\040\0002\000.\0005\000\040\000F\000l\000a\000s\000h\000\040\000v\000\340\000\040\000A\000I\000\040\000S\000u\000m\000m\000a\000r\000y}{section.3.4}% 38
\BOOKMARK [2][-]{subsection.3.4.3}{\376\377\000P\000h\000\341\000t\000\040\000h\000i\036\307\000n\000\040\000b\036\245\000t\000\040\000t\000h\001\260\036\335\000n\000g\000\040\000Z\000-\000S\000c\000o\000r\000e}{section.3.4}% 39
\BOOKMARK [2][-]{subsection.3.4.4}{\376\377\000R\000e\000v\000e\000r\000s\000e\000\040\000G\000e\000o\000c\000o\000d\000i\000n\000g\000\040\000v\036\333\000i\000\040\000O\000p\000e\000n\000S\000t\000r\000e\000e\000t\000M\000a\000p\000\040\000N\000o\000m\000i\000n\000a\000t\000i\000m}{section.3.4}% 40
\BOOKMARK [0][-]{chapter.4}{\376\377\000P\000H\000\302\000N\000\040\000T\000\315\000C\000H\000\040\000T\000H\000I\036\276\000T\000\040\000K\036\276\000,\000\040\000T\000R\000I\036\302\000N\000\040\000K\000H\000A\000I\000\040\000V\000\300\000\040\001\020\000\301\000N\000H\000\040\000G\000I\000\301\000\040\000H\036\306\000\040\000T\000H\036\320\000N\000G}{}% 41
\BOOKMARK [1][-]{section.4.1}{\376\377\000T\000h\000i\036\277\000t\000\040\000k\036\277\000\040\000k\000i\036\277\000n\000\040\000t\000r\000\372\000c\000\040\000h\036\307\000\040\000t\000h\036\321\000n\000g}{chapter.4}% 42
\BOOKMARK [2][-]{subsection.4.1.1}{\376\377\000K\000i\036\277\000n\000\040\000t\000r\000\372\000c\000\040\000t\036\325\000n\000g\000\040\000q\000u\000a\000n}{section.4.1}% 43
\BOOKMARK [2][-]{subsection.4.1.2}{\376\377\000S\001\241\000\040\001\021\036\323\000\040\000p\000h\036\345\000\040\000t\000h\000u\036\331\000c\000\040\000m\000o\000d\000u\000l\000e}{section.4.1}% 44
\BOOKMARK [2][-]{subsection.4.1.3}{\376\377\000M\000\364\000\040\000h\000\354\000n\000h\000\040\000t\000r\000i\036\303\000n\000\040\000k\000h\000a\000i\000\040\001\021\036\301\000\040\000x\000u\036\245\000t}{section.4.1}% 45
\BOOKMARK [1][-]{section.4.2}{\376\377\000T\000h\000i\036\277\000t\000\040\000k\036\277\000\040\000c\001\241\000\040\000s\036\337\000\040\000d\036\357\000\040\000l\000i\036\307\000u}{chapter.4}% 46
\BOOKMARK [1][-]{section.4.3}{\376\377\000H\000i\036\307\000n\000\040\000t\000h\036\361\000c\000\040\000c\000\341\000c\000\040\000c\000h\036\351\000c\000\040\000n\001\003\000n\000g\000\040\000c\000h\000\355\000n\000h}{chapter.4}% 47
\BOOKMARK [2][-]{subsection.4.3.1}{\376\377\000X\000\341\000c\000\040\000t\000h\036\361\000c\000\040\000v\000\340\000\040\000p\000h\000\342\000n\000\040\000q\000u\000y\036\301\000n}{section.4.3}% 48
\BOOKMARK [2][-]{subsection.4.3.2}{\376\377\000D\000a\000s\000h\000b\000o\000a\000r\000d\000\040\000v\000\340\000\040\000t\000h\036\321\000n\000g\000\040\000k\000\352\000\040\000t\036\325\000n\000g\000\040\000q\000u\000a\000n}{section.4.3}% 49
\BOOKMARK [2][-]{subsection.4.3.3}{\376\377\000Q\000u\036\243\000n\000\040\000l\000\375\000\040\000P\000r\000o\000j\000e\000c\000t\000\040\000v\000\340\000\040\000T\000r\000i\000p}{section.4.3}% 50
\BOOKMARK [2][-]{subsection.4.3.4}{\376\377\000G\000i\000a\000o\000\040\000d\000i\036\307\000n\000\040\000C\000o\000c\000k\000p\000i\000t\000\040\000T\000r\000i\000p\000D\000e\000t\000a\000i\000l\000P\000a\000g\000e}{section.4.3}% 51
\BOOKMARK [2][-]{subsection.4.3.5}{\376\377\000N\000h\036\255\000n\000\040\000d\000i\036\307\000n\000\040\000v\036\255\000t\000\040\000t\000h\036\303\000\040\000Y\000O\000L\000O\000v\0008\000\040\000v\000\340\000\040\000E\000v\000i\000d\000e\000n\000c\000e\000\040\000S\000y\000s\000t\000e\000m}{section.4.3}% 52
\BOOKMARK [2][-]{subsection.4.3.6}{\376\377\000T\036\325\000n\000g\000\040\000h\036\343\000p\000\040\000b\000\341\000o\000\040\000c\000\341\000o\000\040\000b\036\261\000n\000g\000\040\000A\000I\000\040\000\050\000G\000e\000m\000i\000n\000i\000\051}{section.4.3}% 53
\BOOKMARK [2][-]{subsection.4.3.7}{\376\377\000T\000h\000\364\000n\000g\000\040\000b\000\341\000o\000\040\000r\000e\000a\000l\000t\000i\000m\000e\000\040\000v\000\340\000\040\000q\000u\036\243\000n\000\040\000l\000\375\000\040\000n\000g\001\260\036\335\000i\000\040\000d\000\371\000n\000g}{section.4.3}% 54
\BOOKMARK [2][-]{subsection.4.3.8}{\376\377\000S\001\241\000\040\001\021\036\323\000\040\000t\000u\036\247\000n\000\040\000t\036\361\000\040\000c\000\341\000c\000\040\000l\000u\036\323\000n\000g\000\040\000n\000g\000h\000i\036\307\000p\000\040\000v\036\345\000\040\000c\000h\000\355\000n\000h}{section.4.3}% 55
\BOOKMARK [1][-]{section.4.4}{\376\377\000K\000i\036\303\000m\000\040\000t\000h\036\355\000\040\000h\036\307\000\040\000t\000h\036\321\000n\000g}{chapter.4}% 56
\BOOKMARK [2][-]{subsection.4.4.1}{\376\377\000K\000i\036\303\000m\000\040\000t\000h\036\355\000\040\000c\000h\036\351\000c\000\040\000n\001\003\000n\000g\000\040\000\050\000F\000u\000n\000c\000t\000i\000o\000n\000a\000l\000\040\000T\000e\000s\000t\000\051}{section.4.4}% 57
\BOOKMARK [2][-]{subsection.4.4.2}{\376\377\000K\000i\036\303\000m\000\040\000t\000h\036\355\000\040\000t\036\243\000i\000\040\000\050\000L\000o\000a\000d\000\040\000T\000e\000s\000t\000\051}{section.4.4}% 58
\BOOKMARK [2][-]{subsection.4.4.3}{\376\377\000K\000i\036\303\000m\000\040\000t\000h\036\355\000\040\000h\000i\036\307\000u\000\040\000n\001\003\000n\000g\000\040\000L\000i\000g\000h\000t\000h\000o\000u\000s\000e}{section.4.4}% 59
\BOOKMARK [1][-]{section.4.5}{\376\377\000M\000\364\000\040\000h\000\354\000n\000h\000\040\000t\000r\000i\036\303\000n\000\040\000k\000h\000a\000i\000\040\000\050\001\021\036\301\000\040\000x\000u\036\245\000t\000\051}{chapter.4}% 60
\BOOKMARK [0][-]{chapter.5}{\376\377\000C\000\301\000C\000\040\000G\000I\036\242\000I\000\040\000P\000H\000\301\000P\000\040\000V\000\300\000\040\001\020\000\323\000N\000G\000\040\000G\000\323\000P\000\040\000N\036\324\000I\000\040\000B\036\254\000T}{}% 61
\BOOKMARK [1][-]{section.5.1}{\376\377\000G\000i\036\243\000i\000\040\000p\000h\000\341\000p\000\040\001\021\036\323\000n\000g\000\040\000b\036\331\000\040\000h\000\363\000a\000\040\000V\000i\000d\000e\000o\000\040\000v\000\340\000\040\000D\036\357\000\040\000l\000i\036\307\000u\000\040\000c\036\243\000m\000\040\000b\000i\036\277\000n\000\040\000t\000h\036\335\000i\000\040\000g\000i\000a\000n\000\040\000t\000h\036\361\000c}{chapter.5}% 62
\BOOKMARK [2][-]{subsection.5.1.1}{\376\377\000B\000\340\000i\000\040\000t\000o\000\341\000n\000\040\001\021\036\267\000t\000\040\000r\000a}{section.5.1}% 63
\BOOKMARK [2][-]{subsection.5.1.2}{\376\377\000G\000i\036\243\000i\000\040\000p\000h\000\341\000p\000\040\000h\000i\036\307\000n\000\040\000t\000h\036\361\000c}{section.5.1}% 64
\BOOKMARK [2][-]{subsection.5.1.3}{\376\377\000K\036\277\000t\000\040\000q\000u\036\243\000\040\001\021\036\241\000t\000\040\001\021\001\260\036\343\000c}{section.5.1}% 65
\BOOKMARK [1][-]{section.5.2}{\376\377\000K\000i\036\277\000n\000\040\000t\000r\000\372\000c\000\040\000x\036\355\000\040\000l\000\375\000\040\000b\036\245\000t\000\040\001\021\036\323\000n\000g\000\040\000b\036\331\000\040\000t\000\355\000c\000h\000\040\000h\036\343\000p\000\040\000m\000\364\000\040\000h\000\354\000n\000h\000\040\000n\000h\036\255\000n\000\040\000d\000i\036\307\000n\000\040\000Y\000O\000L\000O\000v\0008}{chapter.5}% 66
\BOOKMARK [2][-]{subsection.5.2.1}{\376\377\000B\000\340\000i\000\040\000t\000o\000\341\000n\000\040\001\021\036\267\000t\000\040\000r\000a}{section.5.2}% 67
\BOOKMARK [2][-]{subsection.5.2.2}{\376\377\000G\000i\036\243\000i\000\040\000p\000h\000\341\000p\000\040\000h\000i\036\307\000n\000\040\000t\000h\036\361\000c}{section.5.2}% 68
\BOOKMARK [2][-]{subsection.5.2.3}{\376\377\000K\036\277\000t\000\040\000q\000u\036\243\000\040\001\021\036\241\000t\000\040\001\021\001\260\036\343\000c}{section.5.2}% 69
\BOOKMARK [1][-]{section.5.3}{\376\377\000H\036\307\000\040\000t\000h\036\321\000n\000g\000\040\000t\000r\000\355\000c\000h\000\040\000x\000u\036\245\000t\000\040\000b\036\261\000n\000g\000\040\000c\000h\036\351\000n\000g\000\040\000\050\000E\000v\000i\000d\000e\000n\000c\000e\000\040\000S\000y\000s\000t\000e\000m\000\051}{chapter.5}% 70
\BOOKMARK [2][-]{subsection.5.3.1}{\376\377\000B\000\340\000i\000\040\000t\000o\000\341\000n\000\040\001\021\036\267\000t\000\040\000r\000a}{section.5.3}% 71
\BOOKMARK [2][-]{subsection.5.3.2}{\376\377\000G\000i\036\243\000i\000\040\000p\000h\000\341\000p\000\040\000h\000i\036\307\000n\000\040\000t\000h\036\361\000c}{section.5.3}% 72
\BOOKMARK [2][-]{subsection.5.3.3}{\376\377\000K\036\277\000t\000\040\000q\000u\036\243\000\040\001\021\036\241\000t\000\040\001\021\001\260\036\343\000c}{section.5.3}% 73
\BOOKMARK [1][-]{section.5.4}{\376\377\000P\000h\000\341\000t\000\040\000h\000i\036\307\000n\000\040\000b\036\245\000t\000\040\000t\000h\001\260\036\335\000n\000g\000\040\000c\036\243\000m\000\040\000b\000i\036\277\000n\000\040\000t\036\361\000\040\001\021\036\331\000n\000g\000\040\000\050\000Z\000-\000S\000c\000o\000r\000e\000\051}{chapter.5}% 74
\BOOKMARK [2][-]{subsection.5.4.1}{\376\377\000B\000\340\000i\000\040\000t\000o\000\341\000n\000\040\001\021\036\267\000t\000\040\000r\000a}{section.5.4}% 75
\BOOKMARK [2][-]{subsection.5.4.2}{\376\377\000G\000i\036\243\000i\000\040\000p\000h\000\341\000p\000\040\000h\000i\036\307\000n\000\040\000t\000h\036\361\000c}{section.5.4}% 76
\BOOKMARK [2][-]{subsection.5.4.3}{\376\377\000K\036\277\000t\000\040\000q\000u\036\243\000\040\001\021\036\241\000t\000\040\001\021\001\260\036\343\000c}{section.5.4}% 77
\BOOKMARK [1][-]{section.5.5}{\376\377\036\350\000n\000g\000\040\000d\036\345\000n\000g\000\040\000L\000L\000M\000\040\000t\036\361\000\040\001\021\036\331\000n\000g\000\040\000h\000\363\000a\000\040\000b\000\341\000o\000\040\000c\000\341\000o\000\040\000t\036\325\000n\000g\000\040\000k\036\277\000t\000\040\000n\000h\000i\036\307\000m\000\040\000v\036\345}{chapter.5}% 78
\BOOKMARK [2][-]{subsection.5.5.1}{\376\377\000B\000\340\000i\000\040\000t\000o\000\341\000n\000\040\001\021\036\267\000t\000\040\000r\000a}{section.5.5}% 79
\BOOKMARK [2][-]{subsection.5.5.2}{\376\377\000G\000i\036\243\000i\000\040\000p\000h\000\341\000p\000\040\000h\000i\036\307\000n\000\040\000t\000h\036\361\000c}{section.5.5}% 80
\BOOKMARK [2][-]{subsection.5.5.3}{\376\377\000K\036\277\000t\000\040\000q\000u\036\243\000\040\001\021\036\241\000t\000\040\001\021\001\260\036\343\000c}{section.5.5}% 81
\BOOKMARK [0][-]{chapter.6}{\376\377\000K\036\276\000T\000\040\000L\000U\036\254\000N\000\040\000V\000\300\000\040\000H\001\257\036\332\000N\000G\000\040\000P\000H\000\301\000T\000\040\000T\000R\000I\036\302\000N}{}% 82
\BOOKMARK [1][-]{section.6.1}{\376\377\000K\036\277\000t\000\040\000l\000u\036\255\000n}{chapter.6}% 83
\BOOKMARK [1][-]{section.6.2}{\376\377\000H\001\260\036\333\000n\000g\000\040\000p\000h\000\341\000t\000\040\000t\000r\000i\036\303\000n}{chapter.6}% 84
\BOOKMARK [0][-]{section*.47}{\376\377\000T\000\300\000I\000\040\000L\000I\036\306\000U\000\040\000T\000H\000A\000M\000\040\000K\000H\036\242\000O}{}% 85
\BOOKMARK [0][-]{section*.48}{\376\377\000P\000H\036\344\000\040\000L\036\344\000C}{}% 86
\BOOKMARK [0][-]{appendix.1.A}{\376\377\001\020\036\266\000C\000\040\000T\036\242\000\040\000U\000S\000E\000\040\000C\000A\000S\000E}{}% 87
\BOOKMARK [1][-]{section.1.A.1}{\376\377\000U\000C\000-\000B\0000\0001\000:\000\040\001\020\001\003\000n\000g\000\040\000n\000h\036\255\000p\000\040\000b\036\261\000n\000g\000\040\000E\000m\000a\000i\000l\000\040\000v\000\340\000\040\000M\036\255\000t\000\040\000k\000h\036\251\000u}{appendix.1.A}% 88
\BOOKMARK [1][-]{section.1.A.2}{\376\377\000U\000C\000-\000B\0000\0002\000:\000\040\001\020\001\003\000n\000g\000\040\000n\000h\036\255\000p\000\040\000b\036\261\000n\000g\000\040\000t\000\340\000i\000\040\000k\000h\000o\036\243\000n\000\040\000G\000o\000o\000g\000l\000e\000\040\000\050\000O\000A\000u\000t\000h\000\040\0002\000.\0000\000\051}{appendix.1.A}% 89
\BOOKMARK [1][-]{section.1.A.3}{\376\377\000U\000C\000-\000B\0000\0003\000:\000\040\000Q\000u\036\243\000n\000\040\000l\000\375\000\040\000T\000h\000i\036\277\000t\000\040\000b\036\313\000\040\000R\000O\000V}{appendix.1.A}% 90
\BOOKMARK [1][-]{section.1.A.4}{\376\377\000U\000C\000-\000B\0000\0004\000:\000\040\000T\036\241\000o\000\040\000v\000\340\000\040\000Q\000u\036\243\000n\000\040\000l\000\375\000\040\000C\000h\000u\000y\036\277\000n\000\040\000k\000h\036\243\000o\000\040\000s\000\341\000t\000\040\000\050\000P\000r\000o\000j\000e\000c\000t\000\051}{appendix.1.A}% 91
\BOOKMARK [1][-]{section.1.A.5}{\376\377\000U\000C\000-\000B\0000\0005\000:\000\040\000T\036\241\000o\000\040\000L\001\260\036\343\000t\000\040\000l\036\267\000n\000\040\000t\000r\000o\000n\000g\000\040\000C\000h\000u\000y\036\277\000n\000\040\000k\000h\036\243\000o\000\040\000s\000\341\000t}{appendix.1.A}% 92
\BOOKMARK [1][-]{section.1.A.6}{\376\377\000U\000C\000-\000B\0000\0006\000:\000\040\000T\036\243\000i\000\040\000l\000\352\000n\000\040\000T\036\307\000p\000\040\000p\000h\001\260\001\241\000n\000g\000\040\000t\000i\036\307\000n\000\040\000\050\000M\000e\000d\000i\000a\000\040\000U\000p\000l\000o\000a\000d\000\051}{appendix.1.A}% 93
\BOOKMARK [1][-]{section.1.A.7}{\376\377\000U\000C\000-\000B\0000\0007\000:\000\040\000Q\000u\036\243\000n\000\040\000l\000\375\000\040\000N\000g\001\260\036\335\000i\000\040\000d\000\371\000n\000g\000\040\000\050\000A\000d\000m\000i\000n\000\051}{appendix.1.A}% 94
\BOOKMARK [1][-]{section.1.A.8}{\376\377\000U\000C\000-\000B\0000\0008\000:\000\040\000X\000e\000m\000\040\000D\000a\000s\000h\000b\000o\000a\000r\000d\000\040\000t\036\325\000n\000g\000\040\000q\000u\000a\000n}{appendix.1.A}% 95
