\BOOKMARK [0][-]{chapter*.2}{\376\377\000L\036\334\000I\000\040\000C\036\242\000M\000\040\001\240\000N}{}% 1
\BOOKMARK [0][-]{chapter*.3}{\376\377\000T\000\323\000M\000\040\000T\036\256\000T\000\040\000N\036\330\000I\000\040\000D\000U\000N\000G\000\040\001\020\036\322\000\040\000\301\000N}{}% 2
\BOOKMARK [0][-]{chapter*.4}{\376\377\000A\000B\000S\000T\000R\000A\000C\000T}{}% 3
\BOOKMARK [0][-]{chapter.1}{\376\377\000G\000I\036\332\000I\000\040\000T\000H\000I\036\306\000U\000\040\001\020\036\300\000\040\000T\000\300\000I}{}% 4
\BOOKMARK [1][-]{section.1.1}{\376\377\001\020\036\267\000t\000\040\000v\036\245\000n\000\040\001\021\036\301}{chapter.1}% 5
\BOOKMARK [1][-]{section.1.2}{\376\377\000M\036\345\000c\000\040\000t\000i\000\352\000u\000\040\000v\000\340\000\040\000p\000h\036\241\000m\000\040\000v\000i\000\040\001\021\036\301\000\040\000t\000\340\000i}{chapter.1}% 6
\BOOKMARK [1][-]{section.1.3}{\376\377\001\020\036\313\000n\000h\000\040\000h\001\260\036\333\000n\000g\000\040\000g\000i\036\243\000i\000\040\000p\000h\000\341\000p}{chapter.1}% 7
\BOOKMARK [1][-]{section.1.4}{\376\377\000B\036\321\000\040\000c\036\345\000c\000\040\001\021\036\323\000\040\000\341\000n}{chapter.1}% 8
\BOOKMARK [0][-]{chapter.2}{\376\377\000K\000H\036\242\000O\000\040\000S\000\301\000T\000\040\000V\000\300\000\040\000P\000H\000\302\000N\000\040\000T\000\315\000C\000H\000\040\000Y\000\312\000U\000\040\000C\036\246\000U}{}% 9
\BOOKMARK [1][-]{section.2.1}{\376\377\000K\000h\036\243\000o\000\040\000s\000\341\000t\000\040\000h\000i\036\307\000n\000\040\000t\000r\036\241\000n\000g}{chapter.2}% 10
\BOOKMARK [2][-]{subsection.2.1.1}{\376\377\000C\000\341\000c\000\040\000g\000i\036\243\000i\000\040\000p\000h\000\341\000p\000\040\000h\000i\036\307\000n\000\040\000c\000\363}{section.2.1}% 11
\BOOKMARK [2][-]{subsection.2.1.2}{\376\377\000B\036\243\000n\000g\000\040\000s\000o\000\040\000s\000\341\000n\000h\000\040\000t\036\325\000n\000g\000\040\000q\000u\000a\000n}{section.2.1}% 12
\BOOKMARK [1][-]{section.2.2}{\376\377\000T\036\325\000n\000g\000\040\000q\000u\000a\000n\000\040\000c\000h\036\351\000c\000\040\000n\001\003\000n\000g}{chapter.2}% 13
\BOOKMARK [2][-]{subsection.2.2.1}{\376\377\000C\000\341\000c\000\040\000t\000\341\000c\000\040\000n\000h\000\342\000n\000\040\000h\036\307\000\040\000t\000h\036\321\000n\000g}{section.2.2}% 14
\BOOKMARK [2][-]{subsection.2.2.2}{\376\377\000B\000i\036\303\000u\000\040\001\021\036\323\000\040\000u\000s\000e\000\040\000c\000a\000s\000e\000\040\000t\036\325\000n\000g\000\040\000q\000u\000\341\000t}{section.2.2}% 15
\BOOKMARK [2][-]{subsection.2.2.3}{\376\377\000B\000i\036\303\000u\000\040\001\021\036\323\000\040\000u\000s\000e\000\040\000c\000a\000s\000e\000\040\000p\000h\000\342\000n\000\040\000r\000\343\000\040\040\024\000\040\000Q\000u\036\243\000n\000\040\000l\000\375\000\040\000d\036\357\000\040\000l\000i\036\307\000u\000\040\000c\036\243\000m\000\040\000b\000i\036\277\000n}{section.2.2}% 16
\BOOKMARK [2][-]{subsection.2.2.4}{\376\377\000Q\000u\000y\000\040\000t\000r\000\354\000n\000h\000\040\000n\000g\000h\000i\036\307\000p\000\040\000v\036\345\000\040\000c\000h\000\355\000n\000h}{section.2.2}% 17
\BOOKMARK [1][-]{section.2.3}{\376\377\001\020\036\267\000c\000\040\000t\036\243\000\040\000c\000h\036\351\000c\000\040\000n\001\003\000n\000g}{chapter.2}% 18
\BOOKMARK [2][-]{subsection.2.3.1}{\376\377\000U\000C\0000\0001\000\040\040\024\000\040\001\020\001\003\000n\000g\000\040\000n\000h\036\255\000p\000\040\000h\036\307\000\040\000t\000h\036\321\000n\000g}{section.2.3}% 19
\BOOKMARK [2][-]{subsection.2.3.2}{\376\377\000U\000C\0000\0002\000\040\040\024\000\040\000T\036\241\000o\000\040\000v\000\340\000\040\000q\000u\036\243\000n\000\040\000l\000\375\000\040\000d\000i\000v\000e\000\040\000t\000r\000o\000n\000g\000\040\000t\000r\000i\000p}{section.2.3}% 20
\BOOKMARK [2][-]{subsection.2.3.3}{\376\377\000U\000C\0000\0003\000\040\040\024\000\040\000U\000p\000l\000o\000a\000d\000\040\000d\036\357\000\040\000l\000i\036\307\000u\000\040\000c\036\243\000m\000\040\000b\000i\036\277\000n\000\040\000t\036\353\000\040\000f\000i\000l\000e\000\040\000C\000S\000V}{section.2.3}% 21
\BOOKMARK [2][-]{subsection.2.3.4}{\376\377\000U\000C\0000\0004\000\040\040\024\000\040\000U\000p\000l\000o\000a\000d\000\040\000m\000e\000d\000i\000a\000\040\000v\000\340\000\040\000k\000\355\000c\000h\000\040\000h\000o\036\241\000t\000\040\000p\000h\000\342\000n\000\040\000t\000\355\000c\000h\000\040\000Y\000O\000L\000O}{section.2.3}% 22
\BOOKMARK [2][-]{subsection.2.3.5}{\376\377\000U\000C\0000\0005\000\040\040\024\000\040\000X\000e\000m\000\040\000c\000h\000i\000\040\000t\000i\036\277\000t\000\040\000d\000i\000v\000e\000\040\000\050\000c\000o\000c\000k\000p\000i\000t\000\040\000v\000i\000e\000w\000\051}{section.2.3}% 23
\BOOKMARK [2][-]{subsection.2.3.6}{\376\377\000U\000C\0000\0006\000\040\040\024\000\040\000T\036\325\000n\000g\000\040\000h\036\343\000p\000\040\000t\000r\000i\000p\000\040\000b\036\261\000n\000g\000\040\000A\000I}{section.2.3}% 24
\BOOKMARK [1][-]{section.2.4}{\376\377\000Y\000\352\000u\000\040\000c\036\247\000u\000\040\000p\000h\000i\000\040\000c\000h\036\351\000c\000\040\000n\001\003\000n\000g}{chapter.2}% 25
\BOOKMARK [2][-]{subsection.2.4.1}{\376\377\000B\036\243\000o\000\040\000m\036\255\000t}{section.2.4}% 26
\BOOKMARK [2][-]{subsection.2.4.2}{\376\377\000H\000i\036\307\000u\000\040\000n\001\003\000n\000g}{section.2.4}% 27
\BOOKMARK [2][-]{subsection.2.4.3}{\376\377\000T\000\355\000n\000h\000\040\000n\000h\036\245\000t\000\040\000q\000u\000\341\000n\000\040\000d\036\357\000\040\000l\000i\036\307\000u}{section.2.4}% 28
\BOOKMARK [2][-]{subsection.2.4.4}{\376\377\000K\000h\036\243\000\040\000n\001\003\000n\000g\000\040\000m\036\337\000\040\000r\036\331\000n\000g}{section.2.4}% 29
\BOOKMARK [2][-]{subsection.2.4.5}{\376\377\000K\000h\036\243\000\040\000n\001\003\000n\000g\000\040\000s\036\355\000\040\000d\036\345\000n\000g}{section.2.4}% 30
\BOOKMARK [0][-]{chapter.3}{\376\377\000N\036\300\000N\000\040\000T\036\242\000N\000G\000\040\000L\000\335\000\040\000T\000H\000U\000Y\036\276\000T\000\040\000V\000\300\000\040\000C\000\324\000N\000G\000\040\000N\000G\000H\036\306\000\040\000S\036\354\000\040\000D\036\344\000N\000G}{}% 31
\BOOKMARK [1][-]{section.3.1}{\376\377\000C\000\364\000n\000g\000\040\000n\000g\000h\036\307\000\040\000f\000r\000o\000n\000t\000e\000n\000d}{chapter.3}% 32
\BOOKMARK [2][-]{subsection.3.1.1}{\376\377\000R\000e\000a\000c\000t\000\040\0001\0008\000\040\000v\000\340\000\040\000m\000\364\000\040\000h\000\354\000n\000h\000\040\000c\000o\000m\000p\000o\000n\000e\000n\000t}{section.3.1}% 33
\BOOKMARK [2][-]{subsection.3.1.2}{\376\377\000V\000i\000t\000e\000\040\040\024\000\040\000B\000u\000i\000l\000d\000\040\000t\000o\000o\000l\000\040\000t\000h\036\277\000\040\000h\036\307\000\040\000m\036\333\000i}{section.3.1}% 34
\BOOKMARK [2][-]{subsection.3.1.3}{\376\377\000T\000a\000i\000l\000w\000i\000n\000d\000\040\000C\000S\000S\000\040\000v\000\340\000\040\000d\000e\000s\000i\000g\000n\000\040\000t\000o\000k\000e\000n\000\040\000s\000y\000s\000t\000e\000m}{section.3.1}% 35
\BOOKMARK [2][-]{subsection.3.1.4}{\376\377\000R\000e\000a\000c\000t\000\040\000Q\000u\000e\000r\000y\000\040\000v\000\340\000\040\000Z\000u\000s\000t\000a\000n\000d}{section.3.1}% 36
\BOOKMARK [2][-]{subsection.3.1.5}{\376\377\000R\000e\000c\000h\000a\000r\000t\000s\000\040\000v\000\340\000\040\000L\000e\000a\000f\000l\000e\000t\000.\000j\000s}{section.3.1}% 37
\BOOKMARK [1][-]{section.3.2}{\376\377\000C\000\364\000n\000g\000\040\000n\000g\000h\036\307\000\040\000b\000a\000c\000k\000e\000n\000d}{chapter.3}% 38
\BOOKMARK [2][-]{subsection.3.2.1}{\376\377\000N\000o\000d\000e\000.\000j\000s\000\040\000v\000\340\000\040\000E\000x\000p\000r\000e\000s\000s}{section.3.2}% 39
\BOOKMARK [2][-]{subsection.3.2.2}{\376\377\000M\000o\000n\000g\000o\000D\000B\000\040\000v\000\340\000\040\000M\000o\000n\000g\000o\000o\000s\000e}{section.3.2}% 40
\BOOKMARK [2][-]{subsection.3.2.3}{\376\377\000R\000e\000d\000i\000s\000\040\000v\000\340\000\040\000B\000u\000l\000l\000\040\000Q\000u\000e\000u\000e}{section.3.2}% 41
\BOOKMARK [2][-]{subsection.3.2.4}{\376\377\000A\000W\000S\000\040\000S\0003\000\040\000v\000\340\000\040\000p\000r\000e\000s\000i\000g\000n\000e\000d\000\040\000U\000R\000L}{section.3.2}% 42
\BOOKMARK [1][-]{section.3.3}{\376\377\000X\000\341\000c\000\040\000t\000h\036\361\000c\000\040\000v\000\340\000\040\000b\036\243\000o\000\040\000m\036\255\000t}{chapter.3}% 43
\BOOKMARK [2][-]{subsection.3.3.1}{\376\377\000J\000S\000O\000N\000\040\000W\000e\000b\000\040\000T\000o\000k\000e\000n\000\040\000\050\000J\000W\000T\000\051}{section.3.3}% 44
\BOOKMARK [2][-]{subsection.3.3.2}{\376\377\000G\000o\000o\000g\000l\000e\000\040\000O\000A\000u\000t\000h\000\040\0002\000.\0000}{section.3.3}% 45
\BOOKMARK [1][-]{section.3.4}{\376\377\000T\000r\000\355\000\040\000t\000u\036\307\000\040\000n\000h\000\342\000n\000\040\000t\036\241\000o\000\040\000v\000\340\000\040\000h\036\315\000c\000\040\000m\000\341\000y}{chapter.3}% 46
\BOOKMARK [2][-]{subsection.3.4.1}{\376\377\000Y\000O\000L\000O\000v\0008\000\040\040\024\000\040\000O\000b\000j\000e\000c\000t\000\040\000D\000e\000t\000e\000c\000t\000i\000o\000n}{section.3.4}% 47
\BOOKMARK [2][-]{subsection.3.4.2}{\376\377\000G\000o\000o\000g\000l\000e\000\040\000G\000e\000m\000i\000n\000i\000\040\0002\000.\0005\000\040\000F\000l\000a\000s\000h\000\040\040\024\000\040\000T\000e\000x\000t\000\040\000G\000e\000n\000e\000r\000a\000t\000i\000o\000n}{section.3.4}% 48
\BOOKMARK [2][-]{subsection.3.4.3}{\376\377\000Z\000-\000S\000c\000o\000r\000e\000\040\040\024\000\040\000P\000h\000\341\000t\000\040\000h\000i\036\307\000n\000\040\000b\036\245\000t\000\040\000t\000h\001\260\036\335\000n\000g}{section.3.4}% 49
\BOOKMARK [2][-]{subsection.3.4.4}{\376\377\000N\000o\000m\000i\000n\000a\000t\000i\000m\000\040\040\024\000\040\000R\000e\000v\000e\000r\000s\000e\000\040\000G\000e\000o\000c\000o\000d\000i\000n\000g}{section.3.4}% 50
\BOOKMARK [0][-]{chapter.4}{\376\377\000P\000H\000\302\000N\000\040\000T\000\315\000C\000H\000\040\000T\000H\000I\036\276\000T\000\040\000K\036\276\000,\000\040\000T\000R\000I\036\302\000N\000\040\000K\000H\000A\000I\000\040\000V\000\300\000\040\001\020\000\301\000N\000H\000\040\000G\000I\000\301\000\040\000H\036\306\000\040\000T\000H\036\320\000N\000G}{}% 51
\BOOKMARK [1][-]{section.4.1}{\376\377\000T\000h\000i\036\277\000t\000\040\000k\036\277\000\040\000k\000i\036\277\000n\000\040\000t\000r\000\372\000c}{chapter.4}% 52
\BOOKMARK [2][-]{subsection.4.1.1}{\376\377\000L\036\361\000a\000\040\000c\000h\036\315\000n\000\040\000k\000i\036\277\000n\000\040\000t\000r\000\372\000c\000\040\000p\000h\036\247\000n\000\040\000m\036\301\000m}{section.4.1}% 53
\BOOKMARK [2][-]{subsection.4.1.2}{\376\377\000T\000h\000i\036\277\000t\000\040\000k\036\277\000\040\000t\036\325\000n\000g\000\040\000q\000u\000a\000n\000\040\000m\000o\000d\000u\000l\000e}{section.4.1}% 54
\BOOKMARK [1][-]{section.4.2}{\376\377\000T\000h\000i\036\277\000t\000\040\000k\036\277\000\040\000c\000h\000i\000\040\000t\000i\036\277\000t}{chapter.4}% 55
\BOOKMARK [2][-]{subsection.4.2.1}{\376\377\000T\000h\000i\036\277\000t\000\040\000k\036\277\000\040\000c\001\241\000\040\000s\036\337\000\040\000d\036\357\000\040\000l\000i\036\307\000u}{section.4.2}% 56
\BOOKMARK [2][-]{subsection.4.2.2}{\376\377\000T\000h\000i\036\277\000t\000\040\000k\036\277\000\040\000A\000P\000I\000\040\000R\000E\000S\000T\000f\000u\000l}{section.4.2}% 57
\BOOKMARK [2][-]{subsection.4.2.3}{\376\377\000T\000h\000i\036\277\000t\000\040\000k\036\277\000\040\000g\000i\000a\000o\000\040\000d\000i\036\307\000n\000\040\000n\000g\001\260\036\335\000i\000\040\000d\000\371\000n\000g}{section.4.2}% 58
\BOOKMARK [2][-]{subsection.4.2.4}{\376\377\000B\000i\036\303\000u\000\040\001\021\036\323\000\040\000t\000r\000\354\000n\000h\000\040\000t\036\361\000\040\040\024\000\040\000L\000u\036\323\000n\000g\000\040\000u\000p\000l\000o\000a\000d\000\040\000s\000e\000n\000s\000o\000r\000\040\000d\000a\000t\000a}{section.4.2}% 59
\BOOKMARK [1][-]{section.4.3}{\376\377\000X\000\342\000y\000\040\000d\036\361\000n\000g\000\040\036\351\000n\000g\000\040\000d\036\345\000n\000g}{chapter.4}% 60
\BOOKMARK [2][-]{subsection.4.3.1}{\376\377\000C\000\364\000n\000g\000\040\000c\036\345\000\040\000v\000\340\000\040\000t\000h\001\260\000\040\000v\000i\036\307\000n\000\040\000s\036\355\000\040\000d\036\345\000n\000g}{section.4.3}% 61
\BOOKMARK [2][-]{subsection.4.3.2}{\376\377\000K\036\277\000t\000\040\000q\000u\036\243\000\040\001\021\036\241\000t\000\040\001\021\001\260\036\343\000c}{section.4.3}% 62
\BOOKMARK [2][-]{subsection.4.3.3}{\376\377\000M\000i\000n\000h\000\040\000h\036\315\000a\000\040\000c\000\341\000c\000\040\000c\000h\036\351\000c\000\040\000n\001\003\000n\000g\000\040\000c\000h\000\355\000n\000h}{section.4.3}% 63
\BOOKMARK [1][-]{section.4.4}{\376\377\000K\000i\036\303\000m\000\040\000t\000h\036\355}{chapter.4}% 64
\BOOKMARK [2][-]{subsection.4.4.1}{\376\377\000P\000h\001\260\001\241\000n\000g\000\040\000p\000h\000\341\000p\000\040\000k\000i\036\303\000m\000\040\000t\000h\036\355}{section.4.4}% 65
\BOOKMARK [2][-]{subsection.4.4.2}{\376\377\000C\000\341\000c\000\040\000t\000r\001\260\036\335\000n\000g\000\040\000h\036\343\000p\000\040\000k\000i\036\303\000m\000\040\000t\000h\036\355\000\040\000c\000h\036\351\000c\000\040\000n\001\003\000n\000g\000\040\001\021\001\003\000n\000g\000\040\000n\000h\036\255\000p}{section.4.4}% 66
\BOOKMARK [2][-]{subsection.4.4.3}{\376\377\000C\000\341\000c\000\040\000t\000r\001\260\036\335\000n\000g\000\040\000h\036\343\000p\000\040\000k\000i\036\303\000m\000\040\000t\000h\036\355\000\040\000u\000p\000l\000o\000a\000d\000\040\000s\000e\000n\000s\000o\000r\000\040\000d\000a\000t\000a}{section.4.4}% 67
\BOOKMARK [2][-]{subsection.4.4.4}{\376\377\000K\000i\036\303\000m\000\040\000t\000h\036\355\000\040\000p\000i\000p\000e\000l\000i\000n\000e\000\040\000Y\000O\000L\000O}{section.4.4}% 68
\BOOKMARK [1][-]{section.4.5}{\376\377\000T\000r\000i\036\303\000n\000\040\000k\000h\000a\000i}{chapter.4}% 69
\BOOKMARK [2][-]{subsection.4.5.1}{\376\377\000K\000i\036\277\000n\000\040\000t\000r\000\372\000c\000\040\000t\000r\000i\036\303\000n\000\040\000k\000h\000a\000i}{section.4.5}% 70
\BOOKMARK [2][-]{subsection.4.5.2}{\376\377\000D\000o\000c\000k\000e\000r\000\040\000C\000o\000m\000p\000o\000s\000e}{section.4.5}% 71
\BOOKMARK [0][-]{chapter.5}{\376\377\000C\000\301\000C\000\040\000G\000I\036\242\000I\000\040\000P\000H\000\301\000P\000\040\000V\000\300\000\040\001\020\000\323\000N\000G\000\040\000G\000\323\000P\000\040\000N\036\324\000I\000\040\000B\036\254\000T}{}% 72
\BOOKMARK [1][-]{section.5.1}{\376\377\001\020\036\323\000n\000g\000\040\000b\036\331\000\040\000h\000\363\000a\000\040\000d\036\357\000\040\000l\000i\036\307\000u\000\040\000c\036\243\000m\000\040\000b\000i\036\277\000n\000\040\000v\036\333\000i\000\040\000v\000i\000d\000e\000o\000\040\000\050\000S\000e\000n\000s\000o\000r\000-\000V\000i\000d\000e\000o\000\040\000S\000y\000n\000c\000\051}{chapter.5}% 73
\BOOKMARK [2][-]{subsection.5.1.1}{\376\377\000B\000\340\000i\000\040\000t\000o\000\341\000n}{section.5.1}% 74
\BOOKMARK [2][-]{subsection.5.1.2}{\376\377\000G\000i\036\243\000i\000\040\000p\000h\000\341\000p}{section.5.1}% 75
\BOOKMARK [2][-]{subsection.5.1.3}{\376\377\000K\036\277\000t\000\040\000q\000u\036\243}{section.5.1}% 76
\BOOKMARK [1][-]{section.5.2}{\376\377\000P\000h\000\341\000t\000\040\000h\000i\036\307\000n\000\040\000b\036\245\000t\000\040\000t\000h\001\260\036\335\000n\000g\000\040\000c\036\243\000m\000\040\000b\000i\036\277\000n\000\040\000t\036\361\000\040\001\021\036\331\000n\000g\000\040\000\050\000Z\000-\000S\000c\000o\000r\000e\000\040\000A\000n\000o\000m\000a\000l\000y\000\040\000D\000e\000t\000e\000c\000t\000i\000o\000n\000\051}{chapter.5}% 77
\BOOKMARK [2][-]{subsection.5.2.1}{\376\377\000B\000\340\000i\000\040\000t\000o\000\341\000n}{section.5.2}% 78
\BOOKMARK [2][-]{subsection.5.2.2}{\376\377\000G\000i\036\243\000i\000\040\000p\000h\000\341\000p}{section.5.2}% 79
\BOOKMARK [2][-]{subsection.5.2.3}{\376\377\000K\036\277\000t\000\040\000q\000u\036\243}{section.5.2}% 80
\BOOKMARK [1][-]{section.5.3}{\376\377\000P\000i\000p\000e\000l\000i\000n\000e\000\040\000p\000h\000\342\000n\000\040\000t\000\355\000c\000h\000\040\000Y\000O\000L\000O\000\040\000b\036\245\000t\000\040\001\021\036\323\000n\000g\000\040\000b\036\331\000\040\000v\036\333\000i\000\040\000p\000e\000r\000-\000f\000r\000a\000m\000e\000\040\000t\000r\000a\000c\000k\000i\000n\000g}{chapter.5}% 81
\BOOKMARK [2][-]{subsection.5.3.1}{\376\377\000B\000\340\000i\000\040\000t\000o\000\341\000n}{section.5.3}% 82
\BOOKMARK [2][-]{subsection.5.3.2}{\376\377\000G\000i\036\243\000i\000\040\000p\000h\000\341\000p}{section.5.3}% 83
\BOOKMARK [2][-]{subsection.5.3.3}{\376\377\000K\036\277\000t\000\040\000q\000u\036\243}{section.5.3}% 84
\BOOKMARK [1][-]{section.5.4}{\376\377\000H\036\307\000\040\000t\000h\036\321\000n\000g\000\040\000E\000v\000i\000d\000e\000n\000c\000e\000\040\040\024\000\040\000B\036\261\000n\000g\000\040\000c\000h\036\351\000n\000g\000\040\000t\000r\036\361\000c\000\040\000q\000u\000a\000n\000\040\000t\036\353\000\040\000v\000i\000d\000e\000o}{chapter.5}% 85
\BOOKMARK [2][-]{subsection.5.4.1}{\376\377\000B\000\340\000i\000\040\000t\000o\000\341\000n}{section.5.4}% 86
\BOOKMARK [2][-]{subsection.5.4.2}{\376\377\000G\000i\036\243\000i\000\040\000p\000h\000\341\000p}{section.5.4}% 87
\BOOKMARK [2][-]{subsection.5.4.3}{\376\377\000K\036\277\000t\000\040\000q\000u\036\243}{section.5.4}% 88
\BOOKMARK [1][-]{section.5.5}{\376\377\000T\036\325\000n\000g\000\040\000h\036\343\000p\000\040\000t\000r\000i\000p\000\040\000t\036\361\000\040\001\021\036\331\000n\000g\000\040\000v\036\333\000i\000\040\000A\000I\000\040\000\050\000G\000e\000m\000i\000n\000i\000\040\000T\000r\000i\000p\000\040\000S\000u\000m\000m\000a\000r\000y\000\051}{chapter.5}% 89
\BOOKMARK [2][-]{subsection.5.5.1}{\376\377\000B\000\340\000i\000\040\000t\000o\000\341\000n}{section.5.5}% 90
\BOOKMARK [2][-]{subsection.5.5.2}{\376\377\000G\000i\036\243\000i\000\040\000p\000h\000\341\000p}{section.5.5}% 91
\BOOKMARK [2][-]{subsection.5.5.3}{\376\377\000K\036\277\000t\000\040\000q\000u\036\243}{section.5.5}% 92
\BOOKMARK [0][-]{chapter.6}{\376\377\000K\036\276\000T\000\040\000L\000U\036\254\000N\000\040\000V\000\300\000\040\000H\001\257\036\332\000N\000G\000\040\000P\000H\000\301\000T\000\040\000T\000R\000I\036\302\000N}{}% 93
\BOOKMARK [1][-]{section.6.1}{\376\377\000K\036\277\000t\000\040\000l\000u\036\255\000n}{chapter.6}% 94
\BOOKMARK [1][-]{section.6.2}{\376\377\000H\001\260\036\333\000n\000g\000\040\000p\000h\000\341\000t\000\040\000t\000r\000i\036\303\000n}{chapter.6}% 95
\BOOKMARK [0][-]{section*.37}{\376\377\000T\000\300\000I\000\040\000L\000I\036\306\000U\000\040\000T\000H\000A\000M\000\040\000K\000H\036\242\000O}{}% 96
\BOOKMARK [0][-]{section*.38}{\376\377\000P\000H\036\344\000\040\000L\036\344\000C}{}% 97
\BOOKMARK [0][-]{appendix.1.A}{\376\377\000C\000\300\000I\000\040\001\020\036\266\000T\000\040\000V\000\300\000\040\000C\000H\036\240\000Y\000\040\036\350\000N\000G\000\040\000D\036\344\000N\000G}{}% 98
\BOOKMARK [1][-]{section.1.A.1}{\376\377\000Y\000\352\000u\000\040\000c\036\247\000u\000\040\000h\036\307\000\040\000t\000h\036\321\000n\000g}{appendix.1.A}% 99
\BOOKMARK [1][-]{section.1.A.2}{\376\377\000C\000\340\000i\000\040\001\021\036\267\000t\000\040\000v\000\340\000\040\000c\000h\036\241\000y\000\040\000l\000o\000c\000a\000l}{appendix.1.A}% 100
\BOOKMARK [1][-]{section.1.A.3}{\376\377\000T\000r\000i\036\303\000n\000\040\000k\000h\000a\000i\000\040\000p\000r\000o\000d\000u\000c\000t\000i\000o\000n\000\040\000v\036\333\000i\000\040\000D\000o\000c\000k\000e\000r\000\040\000C\000o\000m\000p\000o\000s\000e}{appendix.1.A}% 101
\BOOKMARK [1][-]{section.1.A.4}{\376\377\000T\000e\000s\000t\000\040\000d\000a\000t\000a\000\040\000c\000h\000o\000\040\000d\000e\000m\000o}{appendix.1.A}% 102
\BOOKMARK [0][-]{appendix.1.B}{\376\377\001\020\036\266\000C\000\040\000T\036\242\000\040\000U\000S\000E\000\040\000C\000A\000S\000E\000\040\000C\000H\000I\000\040\000T\000I\036\276\000T}{}% 103
\BOOKMARK [1][-]{section.1.B.1}{\376\377\000U\000C\0000\0007\000\040\040\024\000\040\000Q\000u\036\243\000n\000\040\000l\000\375\000\040\000n\000g\001\260\036\335\000i\000\040\000d\000\371\000n\000g\000\040\000\050\000A\000d\000m\000i\000n\000\051}{appendix.1.B}% 104
\BOOKMARK [1][-]{section.1.B.2}{\376\377\000U\000C\0000\0008\000\040\040\024\000\040\000X\000e\000m\000\040\000a\000u\000d\000i\000t\000\040\000l\000o\000g}{appendix.1.B}% 105
\BOOKMARK [1][-]{section.1.B.3}{\376\377\000U\000C\0000\0009\000\040\040\024\000\040\000T\036\241\000o\000\040\000e\000v\000i\000d\000e\000n\000c\000e\000\040\000t\036\353\000\040\000v\000i\000d\000e\000o}{appendix.1.B}% 106
\BOOKMARK [1][-]{section.1.B.4}{\376\377\001\020\036\313\000n\000h\000\040\000d\036\241\000n\000g\000\040\000f\000i\000l\000e\000\040\000C\000S\000V\000\040\000c\036\243\000m\000\040\000b\000i\036\277\000n}{appendix.1.B}% 107
